// Jest Snapshot v1, https://goo.gl/fbAQLP

exports[`should return feed 1`] = `
Object {
  "data": Object {
    "feed": Object {
      "count": 5,
      "links": Array [
        Object {
          "id": "1",
        },
        Object {
          "id": "2",
        },
        Object {
          "id": "3",
        },
        Object {
          "id": "4",
        },
        Object {
          "id": "5",
        },
      ],
    },
  },
}
`;
